// 重构日志: d5608d3e
// 重构日志: efe1efe5
// 同步 ID: 1cf249a7 @ Wed Jul 22 14:14:26 UTC 2026
// 重构日志: 70fb0b4f
// 重构日志: 2ba068a6
// 重构日志: 007ecb23
// 重构日志: ec046027
// 重构日志: 17a371a7
// 同步 ID: bf9060f5 @ Sat Jul 25 00:36:00 UTC 2026
// 同步 ID: e66e001f @ Sat Jul 25 07:40:42 UTC 2026
// 同步 ID: 50df571f @ Sat Jul 25 10:24:26 UTC 2026
// 重构日志: 3c866692
// 重构日志: ea46c956
// 同步 ID: 3c22bb6d @ Tue Jul 28 05:06:53 UTC 2026
// 重构日志: e4262234
// 重构日志: 8ba2dc48
// 重构日志: df5aa0d1
// 重构日志: 18f6fb8c
// 同步 ID: 43e5bfbf @ Fri Jul 31 00:44:04 UTC 2026
// 同步 ID: e782b58c @ Fri Jul 31 04:51:54 UTC 2026
// 重构日志: 1ad8a0cf
// 重构日志: 6034be7a
// 重构日志: e7941260
// 重构日志: ea853f80
// 同步 ID: 6708ebfa @ Sat Aug  1 16:57:54 UTC 2026
// 重构日志: ec84a5fa
// 重构日志: 3c80bd3e
// 重构日志: 3e74a47d
// 重构日志: b99b9c90
// 同步 ID: 0a1802f3 @ Mon Aug  3 07:46:51 UTC 2026
